[www.pmaverick.com/index.html]
[backblue.gif]
[fade.gif]
[index.html]
[www.pmaverick.com/uploads/4/9/8/6/49863435/tonight-show-with-maverick.jpg]
[www.pmaverick.com/uploads/4/9/8/6/49863435/3316049091d.png]
[www.pmaverick.com/uploads/4/9/8/6/49863435/334636284d9.png]
[www.pmaverick.com/uploads/4/9/8/6/49863435/453077937a7.jpg]
[www.pmaverick.com/uploads/4/9/8/6/49863435/published/ifixite129.jpg]
[www.pmaverick.com/uploads/4/9/8/6/49863435/43871790a09.jpg]
[www.pmaverick.com/uploads/4/9/8/6/49863435/6477358b10a.jpg]
[cdn2.editmysite.com/css/sitesb408.css]
[cdn2.editmysite.com/css/old/fancyboxdbfd.css]
[cdn2.editmysite.com/css/social-icons8084.css]
[www.pmaverick.com/uploads/4/9/8/6/49863435/background-images/198889090.jpg]
[cdn2.editmysite.com/css/old/slideshow/slideshowdbfd.css]
[ajax.googleapis.com/ajax/libs/jquery/1.8.3/jquery.min.js]
[cdn2.editmysite.com/js/lang/en/stl1428.js]
[cdn2.editmysite.com/js/site/mainb408.js]
[cdn2.editmysite.com/js/old/slideshow-jqb408.js]
[www.google.com/recaptcha/api.js]
[www.pmaverick.com/inspiration.html]
[www.pmaverick.com/design.html]
[www.pmaverick.com/build.html]
[www.pmaverick.com/whats-next.html]
[www.pmaverick.com/awards.html]
[www.pmaverick.com/sponsors.html]
[www.pmaverick.com/pictures.html]
[www.pmaverick.com/videos.html]
[www.pmaverick.com/press.html]
[www.pmaverick.com/contact-us.html]
[www.pmaverick.com/news.html]
[www.pmaverick.com/news/thank-you-to-incose-and-ieee-for-the-beautiful-plaques.html]
[www.pmaverick.com/news/project-maverick-recognized-at-the-2016-intel-international-science-and-engineering-fair.html]
[www.pmaverick.com/news/project-maverick-on-the-tonight-show-starring-jimmy-fallon.html]
[www.pmaverick.com/files/theme/plugins1065.js]
[www.pmaverick.com/files/theme/custom1065.js]
[www.pmaverick.com/files/theme/mobile1065.js]
[cdn2.editmysite.com/js/wsnbn/snowday262.js]
[secure.quantserve.com/quant.js]
[www.pmaverick.com/index.html]
[pixel.quantserve.com/pixel/p-0dYLvhSGGqUWof238.gif]
[cdn2.editmysite.com/images/util/videojs/white-bar.png]
[cdn2.editmysite.com/images/util/videojs/@2x/white-bar.png]
[cdn2.editmysite.com/images/util/videojs/gradient.png]
[cdn2.editmysite.com/images/util/videojs/@2x/gradient.png]
[cdn2.editmysite.com/sprites/util/videojs-sacae758aa2.png]
[cdn2.editmysite.com/sprites/util/videojs/@2x-s2aff7e7d9a.png]
[cdn2.editmysite.com/images/util/videojs/volume-filled.png]
[cdn2.editmysite.com/images/util/videojs/@2x/volume-filled.png]
[cdn2.editmysite.com/images/util/videojs/volume-mute.png]
[cdn2.editmysite.com/images/util/videojs/@2x/volume-mute.png]
[cdn2.editmysite.com/images/util/videojs/blue-bar.png]
[cdn2.editmysite.com/images/util/videojs/@2x/blue-bar.png]
[cdn2.editmysite.com/images/util/videojs/maximize-icon.png]
[cdn2.editmysite.com/images/util/videojs/@2x/maximize-icon.png]
[cdn2.editmysite.com/images/util/videojs/minimize-icon.png]
[cdn2.editmysite.com/images/util/videojs/@2x/minimize-icon.png]
[cdn2.editmysite.com/images/util/videojs/play-icon.png]
[cdn2.editmysite.com/images/util/videojs/@2x/play-icon.png]
[cdn2.editmysite.com/images/util/videojs/sad-face.png]
[cdn2.editmysite.com/images/util/videojs/@2x/sad-face.png]
[cdn2.editmysite.com/images/util/videojs/loading-icon.png]
[cdn2.editmysite.com/images/util/videojs/@2x/loading-icon.png]
[cdn2.editmysite.com/images/common/buttons/small_grey.png]
[cdn2.editmysite.com/images/common/buttons/small_blue.png]
[cdn2.editmysite.com/images/old/button/large_grey.png]
[cdn2.editmysite.com/images/common/buttons/large_blue.png]
[cdn2.editmysite.com/images/common/search-light.png]
[cdn2.editmysite.com/images/common/social_icons.png]
[cdn2.editmysite.com/images/common/blog/blog-comment-button.png]
[cdn2.editmysite.com/images/common/blog/blog-comment-header.png]
[cdn2.editmysite.com/images/common/blog/blog-comment-pointer.png]
[cdn2.editmysite.com/images/common/blog/blog-comment-link.png]
[cdn2.editmysite.com/images/common/blog/blog-comment-header-author.png]
[cdn2.editmysite.com/images/common/blog/blog-comment-pointer-author.png]
[cdn2.editmysite.com/images/common/blog/blog-comment-field-bg.png]
[cdn2.editmysite.com/images/common/blog/dark-blog-comment-header.png]
[cdn2.editmysite.com/images/common/blog/dark-blog-comment-pointer.png]
[cdn2.editmysite.com/images/common/blog/dark-blog-comment-header-author.png]
[cdn2.editmysite.com/images/common/blog/dark-blog-comment-pointer-author.png]
[cdn2.editmysite.com/images/common/blog/dark-blog-comment-link.png]
[cdn2.editmysite.com/images/util/general/blank.gif]
[cdn2.editmysite.com/images/common/lightbox/prevlabel.gif]
[cdn2.editmysite.com/images/common/lightbox/nextlabel.gif]
[cdn2.editmysite.com/sprites/util/inputs/checkmarkBox-s7868418152.png]
[cdn2.editmysite.com/sprites/util/inputs/checkmarkBox/@2x-s211a47d318.png]
[cdn2.editmysite.com/images/util/inputs/search-input-bg.jpg]
[cdn2.editmysite.com/images/common/magnifying-glass.png]
[cdn2.editmysite.com/images/common/checkmarks/checkmark-mini.png]
[cdn2.editmysite.com/images/common/checkmarks/@2x/checkmark-mini.png]
[cdn2.editmysite.com/images/common/search-pagination-bg.png]
[cdn2.editmysite.com/images/util/general/top-triangle-000.png]
[cdn2.editmysite.com/images/util/general/bottom-triangle-000.png]
[cdn2.editmysite.com/images/util/general/top-triangle-000@2x.png]
[cdn2.editmysite.com/images/util/general/bottom-triangle-000@2x.png]
[cdn2.editmysite.com/sprites/common/social-icons-s5ea5500bdb.png]
[cdn2.editmysite.com/sprites/common/social-icons/@2x-s0ae7d70c70.png]
[cdn2.editmysite.com/sprites/site/mini-cart-s86c48effae.png]
[cdn2.editmysite.com/sprites/site/mini-cart/@2x-s576cbc3f90.png]
[cdn2.editmysite.com/images/loading.gif]
[cdn2.editmysite.com/sprites/site/mobile/commerce-sdf6d4e852c.png]
[cdn2.editmysite.com/sprites/site/mobile/commerce/@2x-s82f968c453.png]
[cdn2.editmysite.com/images/site/checkout/paypal.png]
[cdn2.editmysite.com/images/site/checkout/@2x/paypal.png]
[cdn2.editmysite.com/images/site/checkout/credit-cards.png]
[cdn2.editmysite.com/images/site/checkout/@2x/credit-cards.png]
[cdn2.editmysite.com/images/site/checkout/print.png]
[cdn2.editmysite.com/images/site/checkout/print@2x.png]
[cdn2.editmysite.com/images/vendor/select2/select2.png]
[cdn2.editmysite.com/images/vendor/select2/select2-spinner.gif]
[cdn2.editmysite.com/images/vendor/select2/select2x2.png]
[cdn2.editmysite.com/images/util/spinner/spinner-dark.png]
[cdn2.editmysite.com/images/util/spinner/spinner-light.png]
[cdn2.editmysite.com/images/util/loading-white-w24.gif]
[cdn2.editmysite.com/images/common/form_input_bg.gif]
[cdn2.editmysite.com/sprites/site/forms-s3786257308.png]
[cdn2.editmysite.com/sprites/site/forms/@2x-s47607b315a.png]
[cdn2.editmysite.com/images/blank.gif]
[cdn2.editmysite.com/sprites/site/footer-s48158ed9f7.png]
[cdn2.editmysite.com/sprites/site/footer/@2x-s398696b4d5.png]
[cdn2.editmysite.com/images/old/photoswipe/loader.gif]
[cdn2.editmysite.com/images/old/photoswipe/error.gif]
[cdn2.editmysite.com/images/old/photoswipe/icons.png]
[cdn2.editmysite.com/css/sitesb408.css]
[cdn2.editmysite.com/images/old/photoswipe/icons@2x.png]
[cdn2.editmysite.com/images/old/fancybox/fancybox_sprite.png]
[cdn2.editmysite.com/images/old/fancybox/fancybox_loading.gif]
[cdn2.editmysite.com/images/old/fancybox/blank.gif]
[cdn2.editmysite.com/images/old/fancybox/fancybox_overlay.png]
[cdn2.editmysite.com/css/old/fancyboxdbfd.css]
[cdn2.editmysite.com/css/social-icons8084.css]
[www.pmaverick.com/files/theme/images/masthead-search16c9.png]
[www.pmaverick.com/files/theme/images/header16c9.jpg]
[www.pmaverick.com/files/theme/images/splash-radio16c9.png]
[www.pmaverick.com/files/theme/images/splash-checkbox16c9.png]
[www.pmaverick.com/files/theme/images/scroll16c9.png]
[www.pmaverick.com/files/theme/images/dropdown16c9.png]
[www.pmaverick.com/files/theme/images/search16c9.png]
[www.pmaverick.com/files/theme/images/radio16c9.png]
[www.pmaverick.com/files/theme/images/checkbox16c9.png]
[www.pmaverick.com/files/theme/images/fancybox_sprite16c9.png]
[www.pmaverick.com/files/theme/images/store-check16c9.png]
[www.pmaverick.com/files/theme/images/calendar16c9.png]
[www.pmaverick.com/files/theme/images/comments16c9.png]
[www.pmaverick.com/files/theme/images/comment-nest16c9.png]
[www.pmaverick.com/files/main_style16c9.css]
[cdn2.editmysite.com/images/old/slideshow/control_icons.gif]
[cdn2.editmysite.com/images/old/slideshow/header_slideshow_sprites.png]
[cdn2.editmysite.com/images/old/loading.gif]
[cdn2.editmysite.com/images/old/slideshow/header_slideshow_sprites1x.png]
[cdn2.editmysite.com/css/old/slideshow/slideshowdbfd.css]
[cdn2.editmysite.com/js/lang/en/stl1428.js]
[www.google-analytics.com/__utmcb31.gif]
[cdn2.editmysite.com/js/site/mainb408.js]
[cdn2.editmysite.com/js/old/slideshow-jqb408.js]
[www.pmaverick.com/uploads/4/9/8/6/49863435/3620039.jpg]
[cdn2.editmysite.com/css/sites0b4b.css]
[cdn2.editmysite.com/js/site/main0b4b.js]
[cdn2.editmysite.com/js/lang/en/stl82ec.js]
[www.pmaverick.com/inspiration.html]
[www.pmaverick.com/uploads/4/9/8/6/49863435/1555350b534.jpg]
[www.pmaverick.com/uploads/4/9/8/6/49863435/1394764cee6.jpg]
[www.pmaverick.com/uploads/4/9/8/6/49863435/1440486510.png]
[www.pmaverick.com/uploads/4/9/8/6/49863435/4642955877a.jpg]
[www.pmaverick.com/uploads/4/9/8/6/49863435/3336498e6b.png]
[www.pmaverick.com/uploads/4/9/8/6/49863435/86738799b70.jpg]
[www.pmaverick.com/uploads/4/9/8/6/49863435/2165855_orig.jpg]
[www.pmaverick.com/uploads/4/9/8/6/49863435/3550060.jpg]
[www.pmaverick.com/uploads/4/9/8/6/49863435/7093613_orig.jpg]
[www.pmaverick.com/uploads/4/9/8/6/49863435/748983_orig.jpg]
[www.pmaverick.com/uploads/4/9/8/6/49863435/8686158_orig.jpg]
[www.pmaverick.com/uploads/4/9/8/6/49863435/58440925b8a.jpg]
[www.pmaverick.com/uploads/4/9/8/6/49863435/30287528542.png]
[www.pmaverick.com/uploads/4/9/8/6/49863435/8256681_orig.jpg]
[www.pmaverick.com/design.html]
[www.pmaverick.com/uploads/4/9/8/6/49863435/2589772.jpg]
[cdn2.editmysite.com/css/old/slideshow/slideshow43a2.css]
[cdn2.editmysite.com/js/old/slideshow-jq0b4b.js]
[www.pmaverick.com/build.html]
[www.pmaverick.com/uploads/4/9/8/6/49863435/68678403328.jpg]
[www.pmaverick.com/whats-next.html]
[www.pmaverick.com/uploads/4/9/8/6/49863435/tonight-show-with-maverick_2_orig.jpg]
[www.pmaverick.com/uploads/4/9/8/6/49863435/9618764600d0f.jpg]
[www.pmaverick.com/uploads/4/9/8/6/49863435/dsc07908_orig.jpg]
[www.pmaverick.com/uploads/4/9/8/6/49863435/3212035_orig.jpg]
[www.pmaverick.com/uploads/4/9/8/6/49863435/3364705_orig.jpg]
[www.pmaverick.com/uploads/4/9/8/6/49863435/1349743233f73b.jpg]
[www.pmaverick.com/uploads/4/9/8/6/49863435/144506300.jpg]
[www.pmaverick.com/uploads/4/9/8/6/49863435/665688ef57.jpg]
[www.pmaverick.com/uploads/4/9/8/6/49863435/1420048_orig.jpg]
[www.pmaverick.com/awards.html]
[www.pmaverick.com/uploads/4/9/8/6/49863435/published/ifixit_19730.jpg]
[www.pmaverick.com/uploads/4/9/8/6/49863435/1019402335f.png]
[www.pmaverick.com/uploads/4/9/8/6/49863435/3078682.jpg]
[www.pmaverick.com/uploads/4/9/8/6/49863435/5516174.jpg]
[www.pmaverick.com/uploads/4/9/8/6/49863435/7528086_orig.jpg]
[www.pmaverick.com/uploads/4/9/8/6/49863435/63031003dd4.png]
[www.pmaverick.com/uploads/4/9/8/6/49863435/30230002b44.png]
[www.pmaverick.com/uploads/4/9/8/6/49863435/72448793644.jpg]
[www.pmaverick.com/uploads/4/9/8/6/49863435/9859714_orig.png]
[www.pmaverick.com/uploads/4/9/8/6/49863435/4184845_orig.jpg]
[www.pmaverick.com/uploads/4/9/8/6/49863435/8349845084b.png]
[www.pmaverick.com/uploads/4/9/8/6/49863435/33939641c9a.jpg]
[www.pmaverick.com/sponsors.html]
[www.pmaverick.com/uploads/4/9/8/6/49863435/699745.jpg]
[www.pmaverick.com/pictures.html]
[www.pmaverick.com/videos.html]
[www.pmaverick.com/uploads/4/9/8/6/49863435/1418691fde9.jpg]
[www.pmaverick.com/uploads/4/9/8/6/49863435/1439427725.png]
[www.pmaverick.com/press.html]
[www.pmaverick.com/uploads/4/9/8/6/49863435/6516452_orig.jpg]
[www.pmaverick.com/contact-us.html]
[www.pmaverick.com/uploads/4/9/8/6/49863435/dsc07928_orig.jpg]
[www.pmaverick.com/uploads/4/9/8/6/49863435/dsc07931c213.jpg]
[www.pmaverick.com/uploads/4/9/8/6/49863435/4123109_orig.jpg]
[www.pmaverick.com/uploads/4/9/8/6/49863435/367796_orig.png]
[www.pmaverick.com/uploads/4/9/8/6/49863435/8713768.jpg]
[www.pmaverick.com/uploads/4/9/8/6/49863435/9360325_orig.jpg]
[www.pmaverick.com/uploads/4/9/8/6/49863435/3522925_orig.jpg]
[www.pmaverick.com/uploads/4/9/8/6/49863435/665_orig.jpg]
[www.pmaverick.com/news/project-maverick-featured-on-local-media.html]
[www.pmaverick.com/news/local-newspaper-writes-about-project-maverick.html]
[www.pmaverick.com/news/project-maverick-wins-again-at-the-central-california-science-fair.html]
[www.pmaverick.com/news/thank-you-to-the-national-parkinson-foundation.html]
[www.pmaverick.com/news/2-dimensional-sensors-used-for-autopilot.html]
[www.pmaverick.com/news/3d-connexion-recognizes-project-maverick.html]
[www.pmaverick.com/news/fresno-makers-fair-presentation.html]
[www.pmaverick.com/news/previous/2.html]
[www.pmaverick.com/news/category/all.html]
[www.pmaverick.com/1/feed]
[cdn2.editmysite.com/images/old/bg_feed.gif]
[www.pmaverick.com/files/theme/plugins.js]
[www.pmaverick.com/files/theme/custom.js]
[www.pmaverick.com/files/theme/mobile.js]
[www.pmaverick.com/news.html]
[www.pmaverick.com/news/thank-you-to-incose-and-ieee-for-the-beautiful-plaques.html]
[www.pmaverick.com/uploads/4/9/8/6/49863435/399799.jpg]
[www.pmaverick.com/uploads/4/9/8/6/49863435/7322400.jpg]
[www.pmaverick.com/news/project-maverick-recognized-at-the-2016-intel-international-science-and-engineering-fair.html]
[www.pmaverick.com/news/project-maverick-on-the-tonight-show-starring-jimmy-fallon.html]
[www.pmaverick.com/_blank.html]
[cdn2.editmysite.com/js/wsnbn/snowday262.js]
[secure.quantserve.com/quant.js]
[www.pmaverick.com/files/theme/images/sky-social-body16c9.html]
[www.pmaverick.com/Before you execute the binding your view must have a model or a collection.html]
[www.pmaverick.com/mustache.html]
[www.pmaverick.com/GET.html]
[www.pmaverick.com/formSubmit.html]
[www.pmaverick.com/formSubmitAjax.html]
[www.pmaverick.com/weebly/libraries/videojs/video-js.html]
[www.pmaverick.com/AppleWebKit/index.html]
[www.pmaverick.com/Mobile/index.html]
[cdn2.editmysite.com/css/sites0b4b.css]
[cdn2.editmysite.com/js/site/main0b4b.js]
[cdn2.editmysite.com/js/lang/en/stl82ec.js]
[cdn2.editmysite.com/css/old/slideshow/slideshow43a2.css]
[cdn2.editmysite.com/js/old/slideshow-jq0b4b.js]
[www.pmaverick.com/uploads/4/9/8/6/49863435/2916798_orig.jpg]
[www.pmaverick.com/uploads/4/9/8/6/49863435/8686158_orig.jpg]
[www.pmaverick.com/uploads/4/9/8/6/49863435/367796_orig.png]
[www.pmaverick.com/uploads/4/9/8/6/49863435/31154006680.jpg]
[cdn2.editmysite.com/css/sitesf1c1.css]
[cdn2.editmysite.com/js/site/mainf1c1.js]
[cdn2.editmysite.com/js/lang/en/stl2352.js]
[www.pmaverick.com/news/project-maverick-featured-on-local-media.html]
[cdn2.editmysite.com/css/sites6def.css]
[cdn2.editmysite.com/js/site/main6def.js]
[cdn2.editmysite.com/js/lang/en/stl573e.js]
[www.pmaverick.com/news/local-newspaper-writes-about-project-maverick.html]
[www.pmaverick.com/news/project-maverick-wins-again-at-the-central-california-science-fair.html]
[www.pmaverick.com/news/thank-you-to-the-national-parkinson-foundation.html]
[www.pmaverick.com/news/2-dimensional-sensors-used-for-autopilot.html]
[cdn2.editmysite.com/css/sitesd0e8.css]
[cdn2.editmysite.com/js/site/maind0e8.js]
[cdn2.editmysite.com/js/lang/en/stl7266.js]
[www.pmaverick.com/news/3d-connexion-recognizes-project-maverick.html]
[cdn2.editmysite.com/css/sitese56c.css]
[cdn2.editmysite.com/js/site/maine56c.js]
[cdn2.editmysite.com/js/lang/en/stlb949.js]
[www.pmaverick.com/news/fresno-makers-fair-presentation.html]
[www.pmaverick.com/news/ieee-article.html]
[www.pmaverick.com/news/project-maverick-get-a-personal-congrats.html]
[www.pmaverick.com/news/previous/_blank.html]
[www.pmaverick.com/news/previous/2.html]
[www.pmaverick.com/news/category/all/2.html]
[www.pmaverick.com/news/category/_blank.html]
[www.pmaverick.com/news/category/all.html]
[www.pmaverick.com/news/_blank.html]
[www.pmaverick.com/ABCDEFGHIJKLMNOPQRSTUVWXYZabcdefghijklmnopqrstuvwxyz0123456789+/index.html]
[www.pmaverick.com/payload.html]
[www.pmaverick.com/POST.html]
[cdn2.editmysite.com/css/sitesf1c1.css]
[cdn2.editmysite.com/js/site/mainf1c1.js]
[cdn2.editmysite.com/js/lang/en/stl2352.js]
[cdn2.editmysite.com/css/sites6def.css]
[cdn2.editmysite.com/js/site/main6def.js]
[cdn2.editmysite.com/js/lang/en/stl573e.js]
[cdn2.editmysite.com/css/sitesd0e8.css]
[cdn2.editmysite.com/js/site/maind0e8.js]
[cdn2.editmysite.com/js/lang/en/stl7266.js]
[cdn2.editmysite.com/css/sitese56c.css]
[cdn2.editmysite.com/js/site/maine56c.js]
[cdn2.editmysite.com/js/lang/en/stlb949.js]
[www.pmaverick.com/news/ieee-article.html]
[www.pmaverick.com/news/project-maverick-get-a-personal-congrats.html]
[www.pmaverick.com/news/previous/1.html]
[www.pmaverick.com/news/previous/_blank.html]
[www.pmaverick.com/news/category/all/_blank.html]
[www.pmaverick.com/news/category/all/2.html]
[www.pmaverick.com/news/category/_blank.html]
[www.pmaverick.com/news/Before you execute the binding your view must have a model or a collection.html]
[www.pmaverick.com/news/mustache.html]
[www.pmaverick.com/news/GET.html]
[www.pmaverick.com/news/formSubmit.html]
[www.pmaverick.com/news/formSubmitAjax.html]
[www.pmaverick.com/news/AppleWebKit/index.html]
[www.pmaverick.com/news/Mobile/index.html]
[www.pmaverick.com/news/previous/1.html]
[www.pmaverick.com/news/category/all/_blank.html]
[www.pmaverick.com/news/category/all/1.html]
[www.pmaverick.com/news/applewebkit.html]
[www.pmaverick.com/news/mobile.html]
[www.pmaverick.com/news/category/all/1.html]
